// Jest Snapshot v1, https://goo.gl/fbAQLP

exports[`Footer component should match the snapshot 1`] = `
<div
  className="Footer "
>
  <div
    className="FooterRight "
  >
    <div
      className=""
    >
      <a
        className=""
        href="https://twitter.com/jvcparry"
        style={
          Object {
            "color": "white",
            "textDecoration": "none",
          }
        }
      >
        <svg
          aria-hidden="true"
          className="svg-inline--fa fa-twitter fa-w-16 "
          data-icon="twitter"
          data-prefix="fab"
          focusable="false"
          role="img"
          style={Object {}}
          viewBox="0 0 512 512"
          xmlns="http://www.w3.org/2000/svg"
        >
          <path
            d="M459.37 151.716c.325 4.548.325 9.097.325 13.645 0 138.72-105.583 298.558-298.558 298.558-59.452 0-114.68-17.219-161.137-47.106 8.447.974 16.568 1.299 25.34 1.299 49.055 0 94.213-16.568 130.274-44.832-46.132-.975-84.792-31.188-98.112-72.772 6.498.974 12.995 1.624 19.818 1.624 9.421 0 18.843-1.3 27.614-3.573-48.081-9.747-84.143-51.98-84.143-102.985v-1.299c13.969 7.797 30.214 12.67 47.431 13.319-28.264-18.843-46.781-51.005-46.781-87.391 0-19.492 5.197-37.36 14.294-52.954 51.655 63.675 129.3 105.258 216.365 109.807-1.624-7.797-2.599-15.918-2.599-24.04 0-57.828 46.782-104.934 104.934-104.934 30.213 0 57.502 12.67 76.67 33.137 23.715-4.548 46.456-13.32 66.599-25.34-7.798 24.366-24.366 44.833-46.132 57.827 21.117-2.273 41.584-8.122 60.426-16.243-14.292 20.791-32.161 39.308-52.628 54.253z"
            fill="currentColor"
            style={Object {}}
          />
        </svg>
      </a>
      <a
        className=""
        href="http://facebook.com/jvcparry"
        style={
          Object {
            "color": "white",
            "textDecoration": "none",
          }
        }
      >
        <svg
          aria-hidden="true"
          className="svg-inline--fa fa-facebook fa-w-16 "
          data-icon="facebook"
          data-prefix="fab"
          focusable="false"
          role="img"
          style={Object {}}
          viewBox="0 0 512 512"
          xmlns="http://www.w3.org/2000/svg"
        >
          <path
            d="M504 256C504 119 393 8 256 8S8 119 8 256c0 123.78 90.69 226.38 209.25 245V327.69h-63V256h63v-54.64c0-62.15 37-96.48 93.67-96.48 27.14 0 55.52 4.84 55.52 4.84v61h-31.28c-30.8 0-40.41 19.12-40.41 38.73V256h68.78l-11 71.69h-57.78V501C413.31 482.38 504 379.78 504 256z"
            fill="currentColor"
            style={Object {}}
          />
        </svg>
      </a>
      <a
        className=""
        href="https://www.dmsguild.com/browse.php?author=jvc+parry"
        style={
          Object {
            "color": "white",
            "textDecoration": "none",
          }
        }
      >
        <svg
          aria-hidden="true"
          className="svg-inline--fa fa-d-and-d fa-w-18 "
          data-icon="d-and-d"
          data-prefix="fab"
          focusable="false"
          role="img"
          style={Object {}}
          viewBox="0 0 576 512"
          xmlns="http://www.w3.org/2000/svg"
        >
          <path
            d="M82.5 98.9c-.6-17.2 2-33.8 12.7-48.2.3 7.4 1.2 14.5 4.2 21.6 5.9-27.5 19.7-49.3 42.3-65.5-1.9 5.9-3.5 11.8-3 17.7 8.7-7.4 18.8-17.8 44.4-22.7 14.7-2.8 29.7-2 42.1 1 38.5 9.3 61 34.3 69.7 72.3 5.3 23.1.7 45-8.3 66.4-5.2 12.4-12 24.4-20.7 35.1-2-1.9-3.9-3.8-5.8-5.6-42.8-40.8-26.8-25.2-37.4-37.4-1.1-1.2-1-2.2-.1-3.6 8.3-13.5 11.8-28.2 10-44-1.1-9.8-4.3-18.9-11.3-26.2-14.5-15.3-39.2-15-53.5.6-11.4 12.5-14.1 27.4-10.9 43.6.2 1.3.4 2.7 0 3.9-3.4 13.7-4.6 27.6-2.5 41.6.1.5.1 1.1.1 1.6 0 .3-.1.5-.2 1.1-21.8-11-36-28.3-43.2-52.2-8.3 17.8-11.1 35.5-6.6 54.1-15.6-15.2-21.3-34.3-22-55.2zm469.6 123.2c-11.6-11.6-25-20.4-40.1-26.6-12.8-5.2-26-7.9-39.9-7.1-10 .6-19.6 3.1-29 6.4-2.5.9-5.1 1.6-7.7 2.2-4.9 1.2-7.3-3.1-4.7-6.8 3.2-4.6 3.4-4.2 15-12 .6-.4 1.2-.8 2.2-1.5h-2.5c-.6 0-1.2.2-1.9.3-19.3 3.3-30.7 15.5-48.9 29.6-10.4 8.1-13.8 3.8-12-.5 1.4-3.5 3.3-6.7 5.1-10 1-1.8 2.3-3.4 3.5-5.1-.2-.2-.5-.3-.7-.5-27 18.3-46.7 42.4-57.7 73.3.3.3.7.6 1 .9.3-.6.5-1.2.9-1.7 10.4-12.1 22.8-21.8 36.6-29.8 18.2-10.6 37.5-18.3 58.7-20.2 4.3-.4 8.7-.1 13.1-.1-1.8.7-3.5.9-5.3 1.1-18.5 2.4-35.5 9-51.5 18.5-30.2 17.9-54.5 42.2-75.1 70.4-.3.4-.4.9-.7 1.3 14.5 5.3 24 17.3 36.1 25.6.2-.1.3-.2.4-.4l1.2-2.7c12.2-26.9 27-52.3 46.7-74.5 16.7-18.8 38-25.3 62.5-20 5.9 1.3 11.4 4.4 17.2 6.8 2.3-1.4 5.1-3.2 8-4.7 8.4-4.3 17.4-7 26.7-9 14.7-3.1 29.5-4.9 44.5-1.3v-.5c-.5-.4-1.2-.8-1.7-1.4zM316.7 397.6c-39.4-33-22.8-19.5-42.7-35.6-.8.9 0-.2-1.9 3-11.2 19.1-25.5 35.3-44 47.6-10.3 6.8-21.5 11.8-34.1 11.8-21.6 0-38.2-9.5-49.4-27.8-12-19.5-13.3-40.7-8.2-62.6 7.8-33.8 30.1-55.2 38.6-64.3-18.7-6.2-33 1.7-46.4 13.9.8-13.9 4.3-26.2 11.8-37.3-24.3 10.6-45.9 25-64.8 43.9-.3-5.8 5.4-43.7 5.6-44.7.3-2.7-.6-5.3-3-7.4-24.2 24.7-44.5 51.8-56.1 84.6 7.4-5.9 14.9-11.4 23.6-16.2-8.3 22.3-19.6 52.8-7.8 101.1 4.6 19 11.9 36.8 24.1 52.3 2.9 3.7 6.3 6.9 9.5 10.3.2-.2.4-.3.6-.5-1.4-7-2.2-14.1-1.5-21.9 2.2 3.2 3.9 6 5.9 8.6 12.6 16 28.7 27.4 47.2 35.6 25 11.3 51.1 13.3 77.9 8.6 54.9-9.7 90.7-48.6 116-98.8 1-1.8.6-2.9-.9-4.2zm172-46.4c-9.5-3.1-22.2-4.2-28.7-2.9 9.9 4 14.1 6.6 18.8 12 12.6 14.4 10.4 34.7-5.4 45.6-11.7 8.1-24.9 10.5-38.9 9.1-1.2-.1-2.3-.4-3-.6 2.8-3.7 6-7 8.1-10.8 9.4-16.8 5.4-42.1-8.7-56.1-2.1-2.1-4.6-3.9-7-5.9-.3 1.3-.1 2.1.1 2.8 4.2 16.6-8.1 32.4-24.8 31.8-7.6-.3-13.9-3.8-19.6-8.5-19.5-16.1-39.1-32.1-58.5-48.3-5.9-4.9-12.5-8.1-20.1-8.7-4.6-.4-9.3-.6-13.9-.9-5.9-.4-8.8-2.8-10.4-8.4-.9-3.4-1.5-6.8-2.2-10.2-1.5-8.1-6.2-13-14.3-14.2-4.4-.7-8.9-1-13.3-1.5-13-1.4-19.8-7.4-22.6-20.3-5 11-1.6 22.4 7.3 29.9 4.5 3.8 9.3 7.3 13.8 11.2 4.6 3.8 7.4 8.7 7.9 14.8.4 4.7.8 9.5 1.8 14.1 2.2 10.6 8.9 18.4 17 25.1 16.5 13.7 33 27.3 49.5 41.1 17.9 15 13.9 32.8 13 56-.9 22.9 12.2 42.9 33.5 51.2 1 .4 2 .6 3.6 1.1-15.7-18.2-10.1-44.1.7-52.3.3 2.2.4 4.3.9 6.4 9.4 44.1 45.4 64.2 85 56.9 16-2.9 30.6-8.9 42.9-19.8 2-1.8 3.7-4.1 5.9-6.5-19.3 4.6-35.8.1-50.9-10.6.7-.3 1.3-.3 1.9-.3 21.3 1.8 40.6-3.4 57-17.4 19.5-16.6 26.6-42.9 17.4-66-8.3-20.1-23.6-32.3-43.8-38.9zM99.4 179.3c-5.3-9.2-13.2-15.6-22.1-21.3 13.7-.5 26.6.2 39.6 3.7-7-12.2-8.5-24.7-5-38.7 5.3 11.9 13.7 20.1 23.6 26.8 19.7 13.2 35.7 19.6 46.7 30.2 3.4 3.3 6.3 7.1 9.6 10.9-.8-2.1-1.4-4.1-2.2-6-5-10.6-13-18.6-22.6-25-1.8-1.2-2.8-2.5-3.4-4.5-3.3-12.5-3-25.1-.7-37.6 1-5.5 2.8-10.9 4.5-16.3.8-2.4 2.3-4.6 4-6.6.6 6.9 0 25.5 19.6 46 10.8 11.3 22.4 21.9 33.9 32.7 9 8.5 18.3 16.7 25.5 26.8 1.1 1.6 2.2 3.3 3.8 4.7-5-13-14.2-24.1-24.2-33.8-9.6-9.3-19.4-18.4-29.2-27.4-3.3-3-4.6-6.7-5.1-10.9-1.2-10.4 0-20.6 4.3-30.2.5-1 1.1-2 1.9-3.3.5 4.2.6 7.9 1.4 11.6 4.8 23.1 20.4 36.3 49.3 63.5 10 9.4 19.3 19.2 25.6 31.6 4.8 9.3 7.3 19 5.7 29.6-.1.6.5 1.7 1.1 2 6.2 2.6 10 6.9 9.7 14.3 7.7-2.6 12.5-8 16.4-14.5 4.2 20.2-9.1 50.3-27.2 58.7.4-4.5 5-23.4-16.5-27.7-6.8-1.3-12.8-1.3-22.9-2.1 4.7-9 10.4-20.6.5-22.4-24.9-4.6-52.8 1.9-57.8 4.6 8.2.4 16.3 1 23.5 3.3-2 6.5-4 12.7-5.8 18.9-1.9 6.5 2.1 14.6 9.3 9.6 1.2-.9 2.3-1.9 3.3-2.7-3.1 17.9-2.9 15.9-2.8 18.3.3 10.2 9.5 7.8 15.7 7.3-2.5 11.8-29.5 27.3-45.4 25.8 7-4.7 12.7-10.3 15.9-17.9-6.5.8-12.9 1.6-19.2 2.4l-.3-.9c4.7-3.4 8-7.8 10.2-13.1 8.7-21.1-3.6-38-25-39.9-9.1-.8-17.8.8-25.9 5.5 6.2-15.6 17.2-26.6 32.6-34.5-15.2-4.3-8.9-2.7-24.6-6.3 14.6-9.3 30.2-13.2 46.5-14.6-5.2-3.2-48.1-3.6-70.2 20.9 7.9 1.4 15.5 2.8 23.2 4.2-23.8 7-44 19.7-62.4 35.6 1.1-4.8 2.7-9.5 3.3-14.3.6-4.5.8-9.2.1-13.6-1.5-9.4-8.9-15.1-19.7-16.3-7.9-.9-15.6.1-23.3 1.3-.9.1-1.7.3-2.9 0 15.8-14.8 36-21.7 53.1-33.5 6-4.5 6.8-8.2 3-14.9zm128.4 26.8c3.3 16 12.6 25.5 23.8 24.3-4.6-11.3-12.1-19.5-23.8-24.3z"
            fill="currentColor"
            style={Object {}}
          />
        </svg>
      </a>
      <a
        className=""
        href="https://www.patreon.com/JVCParry"
        style={
          Object {
            "color": "white",
            "textDecoration": "none",
          }
        }
      >
        <svg
          aria-hidden="true"
          className="svg-inline--fa fa-patreon fa-w-16 "
          data-icon="patreon"
          data-prefix="fab"
          focusable="false"
          role="img"
          style={Object {}}
          viewBox="0 0 512 512"
          xmlns="http://www.w3.org/2000/svg"
        >
          <path
            d="M512 194.8c0 101.3-82.4 183.8-183.8 183.8-101.7 0-184.4-82.4-184.4-183.8 0-101.6 82.7-184.3 184.4-184.3C429.6 10.5 512 93.2 512 194.8zM0 501.5h90v-491H0v491z"
            fill="currentColor"
            style={Object {}}
          />
        </svg>
      </a>
    </div>
    <p
      className=""
    >
      Â©
       
      2021
       
      JVC Parry
    </p>
  </div>
  <div
    className="FooterLeft "
  >
    <p
      className=""
      data-testid="footer-title"
    >
      Subscribe to my newsletter:
    </p>
    <form
      onSubmit={[Function]}
    >
      <div
        className=""
      >
        <input
          className=""
          d="flex"
          m={
            Object {
              "b": "10px",
            }
          }
          name="email_address"
          placeholder="Email"
          type="email"
        />
        <button
          className=""
          type="submit"
        >
          Subscribe
        </button>
      </div>
    </form>
  </div>
</div>
`;
